Conversión de Solid Edge en STL
Fecha: lunes,febrero 09,2026 11:13p. m.
Archivo fuente:C:\Users\mprob\Documents\UNCuyo\pi\VibraNet\DESIGN\tapaBateria.par
Sistema fuente: SOLID EDGE

Hardware:
Procesador: 12th Gen Intel(R) Core(TM) i7-12650H
Sistema operativo: Windows 10
Memoria instalada: 15,62 GB

Información sobre el software:
Versión de Parasolid: 37.0.118
Versión de PSBodyShop: 37.0.94
Versión del adaptador STL: 15.0.142
Versión de Solid Edge: 225.00.01.004 x64

Opciones de exportación de STL:
Formato de la carpeta de salida:BINARY
Exportar las piezas visualizadas: Desactivado
Opción estructural: Monolithic
Unidades de exportación: Millimeter
Valor de la tolerancia de exportación:0,050000
Tipo de tolerancia de exportación: Custom
Valor del ángulo plano de superficie de exportación:0,523599

Avance en la conversión:
Se completó el proceso de conversión
Tiempo necesario para convertir:00 : 00 : 00
